// Jest Snapshot v1, https://goo.gl/fbAQLP

exports[`SearchCardForm should match the snapshop 1`] = `
ShallowWrapper {
  Symbol(enzyme.__root__): [Circular],
  Symbol(enzyme.__unrendered__): <SearchCardForm
    searchCard={[Function]}
/>,
  Symbol(enzyme.__renderer__): Object {
    "batchedUpdates": [Function],
    "getNode": [Function],
    "render": [Function],
    "simulateError": [Function],
    "simulateEvent": [Function],
    "unmount": [Function],
  },
  Symbol(enzyme.__node__): Object {
    "instance": null,
    "key": undefined,
    "nodeType": "host",
    "props": Object {
      "children": <form
        className="search-form"
        onSubmit={[Function]}
>
        <input
                className="search-input"
                name="location"
                onChange={[Function]}
                placeholder="Search"
                value=""
        />
</form>,
    },
    "ref": null,
    "rendered": Object {
      "instance": null,
      "key": undefined,
      "nodeType": "host",
      "props": Object {
        "children": <input
          className="search-input"
          name="location"
          onChange={[Function]}
          placeholder="Search"
          value=""
/>,
        "className": "search-form",
        "onSubmit": [Function],
      },
      "ref": null,
      "rendered": Object {
        "instance": null,
        "key": undefined,
        "nodeType": "host",
        "props": Object {
          "className": "search-input",
          "name": "location",
          "onChange": [Function],
          "placeholder": "Search",
          "value": "",
        },
        "ref": null,
        "rendered": null,
        "type": "input",
      },
      "type": "form",
    },
    "type": "div",
  },
  Symbol(enzyme.__nodes__): Array [
    Object {
      "instance": null,
      "key": undefined,
      "nodeType": "host",
      "props": Object {
        "children": <form
          className="search-form"
          onSubmit={[Function]}
>
          <input
                    className="search-input"
                    name="location"
                    onChange={[Function]}
                    placeholder="Search"
                    value=""
          />
</form>,
      },
      "ref": null,
      "rendered": Object {
        "instance": null,
        "key": undefined,
        "nodeType": "host",
        "props": Object {
          "children": <input
            className="search-input"
            name="location"
            onChange={[Function]}
            placeholder="Search"
            value=""
/>,
          "className": "search-form",
          "onSubmit": [Function],
        },
        "ref": null,
        "rendered": Object {
          "instance": null,
          "key": undefined,
          "nodeType": "host",
          "props": Object {
            "className": "search-input",
            "name": "location",
            "onChange": [Function],
            "placeholder": "Search",
            "value": "",
          },
          "ref": null,
          "rendered": null,
          "type": "input",
        },
        "type": "form",
      },
      "type": "div",
    },
  ],
  Symbol(enzyme.__options__): Object {
    "adapter": ReactSixteenAdapter {
      "options": Object {
        "enableComponentDidUpdateOnSetState": true,
        "lifecycles": Object {
          "componentDidUpdate": Object {
            "onSetState": true,
          },
          "getDerivedStateFromProps": true,
          "getSnapshotBeforeUpdate": true,
          "setState": Object {
            "skipsComponentDidUpdateOnNullish": true,
          },
        },
      },
    },
    "attachTo": undefined,
    "hydrateIn": undefined,
  },
}
`;
